{
  "name": "bar-baz",
  "dependencies": {
    "pattern-dep": "0.0.8"
  },
  "devDependencies": {
    "some-dev-dep": "0.0.42"
  }
}